
> frontend@0.0.0 build
> tsc -b && vite build

src/pages/Checkout/Checkout.tsx(3,31): error TS6133: 'CreditCard' is declared but its value is never read.
src/pages/Checkout/Checkout.tsx(3,61): error TS6133: 'Shield' is declared but its value is never read.
src/pages/Checkout/Checkout.tsx(18,9): error TS6133: 'navigate' is declared but its value is never read.
src/pages/Checkout/Checkout.tsx(19,18): error TS6133: 'clearCart' is declared but its value is never read.
src/pages/Checkout/Checkout.tsx(105,9): error TS7053: Element implicitly has an 'any' type because expression of type '"name" | "email" | "phone" | "address" | "city" | "district" | "ward" | "note"' can't be used to index type 'FormErrors'.
  Property 'email' does not exist on type 'FormErrors'.
src/pages/Checkout/Checkout.tsx(524,52): error TS2304: Cannot find name 'handleBackToHome'.
